// Vitest Snapshot v1, https://vitest.dev/guide/snapshot.html

exports[`Phase B acceptance sweep (spec §12, items tagged [B], plus the Phase-B slice of §12.10) > §12.9 seeded shuffles — cloze/wordbank/matching render pinned; edit-stability under a sibling insert > cloze + wordbank + matching render together — extracted page text is snapshot-pinned 1`] = `
"                                 phase-b-shuffle-fixture
Name: ________________________                                          Date: ________________________

  Photosynthesis     Respiration   Osmosis   Mitosis

The mitochondria is the 1                of the cell.

     1.   WA                                            A.    Salem
     2.   OR                                            B.    Olympia
     3.   ID                                            C.    Boise

                                                Page 1 of 1
"
`;

exports[`Phase B acceptance sweep (spec §12, items tagged [B], plus the Phase-B slice of §12.10) > §12.10(B) archetype dial — visible score box (quiz) vs no score box (worksheet), envelope-only diff > quiz PRINTS "Score ____ / 5" (5 questions x defaultPoints 1); worksheet prints no score line at all — real rendered text, not a structural guess 1`] = `
{
  "quiz": {
    "hash": "6c32712fefa1bb029ed17fba4707f5fb69eb0496b986f84b4566b534f9f31d4d",
    "pageCount": 1,
  },
  "worksheet": {
    "hash": "7a02ca928e29a480de9c00e56e4717b10449eb0fb8aa4c964a38038fce679a78",
    "pageCount": 1,
  },
}
`;
