// Vitest Snapshot v1, https://vitest.dev/guide/snapshot.html

exports[`furniture — drawFurniture > snapshot: a furnished 3-page document's full furniture draw trace 1`] = `
[
  {
    "calls": [
      {
        "align": "center",
        "op": "text",
        "str": "Student No. 5922785 · Rows 7–12 · Page 1 of 3",
        "width": 486,
        "xPt": 72,
        "yPt": 769,
      },
    ],
    "page": 1,
  },
  {
    "calls": [
      {
        "align": "center",
        "op": "text",
        "str": "Student No. 5922785 · Rows 7–12 · Page 2 of 3",
        "width": 486,
        "xPt": 54,
        "yPt": 769,
      },
    ],
    "page": 2,
  },
  {
    "calls": [
      {
        "align": "center",
        "op": "text",
        "str": "Student No. 5922785 · Rows 7–12 · Page 3 of 3",
        "width": 486,
        "xPt": 72,
        "yPt": 769,
      },
    ],
    "page": 3,
  },
]
`;
